--2026-03-17 10:39:16--  https://zenodo.org/records/15733378/files/ecoli_and_lambda.tar
Resolving zenodo.org (zenodo.org)... 137.138.52.235, 188.184.98.114, 137.138.153.219, ...
Connecting to zenodo.org (zenodo.org)|137.138.52.235|:443... connected.
HTTP request sent, awaiting response... 200 OK
Length: 8632320 (8.2M) [application/octet-stream]
Saving to: ‘ecoli_and_lambda.tar’

     0K .......... .......... .......... .......... ..........  0%  260K 32s
    50K .......... .......... .......... .......... ..........  1% 1.40M 19s
   100K .......... .......... .......... .......... ..........  1%  796K 16s
   150K .......... .......... .......... .......... ..........  2% 1.45M 13s
   200K .......... .......... .......... .......... ..........  2%  824K 13s
   250K .......... .......... .......... .......... ..........  3% 49.6M 10s
   300K .......... .......... .......... .......... ..........  4% 19.4M 9s
   350K .......... .......... .......... .......... ..........  4% 60.4M 8s
   400K .......... .......... .......... .......... ..........  5% 1.51M 7s
   450K .......... .......... .......... .......... ..........  5% 71.2M 7s
   500K .......... .......... .......... .......... ..........  6%  828K 7s
   550K .......... .......... .......... .......... ..........  7% 48.6M 6s
   600K .......... .......... .......... .......... ..........  7% 85.0M 6s
   650K .......... .......... .......... .......... ..........  8% 54.8M 5s
   700K .......... .......... .......... .......... ..........  8% 51.6M 5s
   750K .......... .......... .......... .......... ..........  9%  112M 5s
   800K .......... .......... .......... .......... .......... 10% 96.9M 4s
   850K .......... .......... .......... .......... .......... 10% 1.61M 4s
   900K .......... .......... .......... .......... .......... 11% 39.3M 4s
   950K .......... .......... .......... .......... .......... 11% 59.8M 4s
  1000K .......... .......... .......... .......... .......... 12% 44.1M 4s
  1050K .......... .......... .......... .......... .......... 13%  845K 4s
  1100K .......... .......... .......... .......... .......... 13% 97.5M 4s
  1150K .......... .......... .......... .......... .......... 14% 81.1M 3s
  1200K .......... .......... .......... .......... .......... 14% 84.2M 3s
  1250K .......... .......... .......... .......... .......... 15% 87.0M 3s
  1300K .......... .......... .......... .......... .......... 16%  112M 3s
  1350K .......... .......... .......... .......... .......... 16%  116M 3s
  1400K .......... .......... .......... .......... .......... 17% 65.4M 3s
  1450K .......... .......... .......... .......... .......... 17% 71.0M 3s
  1500K .......... .......... .......... .......... .......... 18%  113M 3s
  1550K .......... .......... .......... .......... .......... 18%  115M 2s
  1600K .......... .......... .......... .......... .......... 19% 82.0M 2s
  1650K .......... .......... .......... .......... .......... 20% 70.7M 2s
  1700K .......... .......... .......... .......... .......... 20%  109M 2s
  1750K .......... .......... .......... .......... .......... 21% 1.77M 2s
  1800K .......... .......... .......... .......... .......... 21% 76.1M 2s
  1850K .......... .......... .......... .......... .......... 22% 49.6M 2s
  1900K .......... .......... .......... .......... .......... 23%  113M 2s
  1950K .......... .......... .......... .......... .......... 23%  106M 2s
  2000K .......... .......... .......... .......... .......... 24% 40.5M 2s
  2050K .......... .......... .......... .......... .......... 24% 77.3M 2s
  2100K .......... .......... .......... .......... .......... 25%  880K 2s
  2150K .......... .......... .......... .......... .......... 26% 56.0M 2s
  2200K .......... .......... .......... .......... .......... 26% 75.9M 2s
  2250K .......... .......... .......... .......... .......... 27% 78.8M 2s
  2300K .......... .......... .......... .......... .......... 27% 52.9M 2s
  2350K .......... .......... .......... .......... .......... 28% 54.3M 2s
  2400K .......... .......... .......... .......... .......... 29% 87.3M 2s
  2450K .......... .......... .......... .......... .......... 29%  123M 2s
  2500K .......... .......... .......... .......... .......... 30% 97.2M 2s
  2550K .......... .......... .......... .......... .......... 30%  133M 2s
  2600K .......... .......... .......... .......... .......... 31% 95.9M 1s
  2650K .......... .......... .......... .......... .......... 32% 81.1M 1s
  2700K .......... .......... .......... .......... .......... 32%  107M 1s
  2750K .......... .......... .......... .......... .......... 33%  114M 1s
  2800K .......... .......... .......... .......... .......... 33% 90.5M 1s
  2850K .......... .......... .......... .......... .......... 34%  102M 1s
  2900K .......... .......... .......... .......... .......... 34%  120M 1s
  2950K .......... .......... .......... .......... .......... 35%  493K 1s
  3000K .......... .......... .......... .......... .......... 36%  207M 1s
  3050K .......... .......... .......... .......... .......... 36%  209M 1s
  3100K .......... .......... .......... .......... .......... 37%  287M 1s
  3150K .......... .......... .......... .......... .......... 37%  198M 1s
  3200K .......... .......... .......... .......... .......... 38%  309M 1s
  3250K .......... .......... .......... .......... .......... 39%  176M 1s
  3300K .......... .......... .......... .......... .......... 39%  285M 1s
  3350K .......... .......... .......... .......... .......... 40%  188M 1s
  3400K .......... .......... .......... .......... .......... 40%  323M 1s
  3450K .......... .......... .......... .......... .......... 41%  316M 1s
  3500K .......... .......... .......... .......... .......... 42%  279M 1s
  3550K .......... .......... .......... .......... .......... 42%  257M 1s
  3600K .......... .......... .......... .......... .......... 43%  326M 1s
  3650K .......... .......... .......... .......... .......... 43%  326M 1s
  3700K .......... .......... .......... .......... .......... 44%  316M 1s
  3750K .......... .......... .......... .......... .......... 45%  285M 1s
  3800K .......... .......... .......... .......... .......... 45%  296M 1s
  3850K .......... .......... .......... .......... .......... 46%  323M 1s
  3900K .......... .......... .......... .......... .......... 46%  327M 1s
  3950K .......... .......... .......... .......... .......... 47%  266M 1s
  4000K .......... .......... .......... .......... .......... 48%  319M 1s
  4050K .......... .......... .......... .......... .......... 48%  319M 1s
  4100K .......... .......... .......... .......... .......... 49%  286M 1s
  4150K .......... .......... .......... .......... .......... 49%  324M 1s
  4200K .......... .......... .......... .......... .......... 50%  321M 1s
  4250K .......... .......... .......... .......... .......... 51%  314M 1s
  4300K .......... .......... .......... .......... .......... 51%  270M 1s
  4350K .......... .......... .......... .......... .......... 52%  325M 1s
  4400K .......... .......... .......... .......... .......... 52%  334M 1s
  4450K .......... .......... .......... .......... .......... 53%  309M 1s
  4500K .......... .......... .......... .......... .......... 53%  286M 1s
  4550K .......... .......... .......... .......... .......... 54%  320M 1s
  4600K .......... .......... .......... .......... .......... 55%  315M 1s
  4650K .......... .......... .......... .......... .......... 55%  329M 1s
  4700K .......... .......... .......... .......... .......... 56%  268M 1s
  4750K .......... .......... .......... .......... .......... 56%  303M 1s
  4800K .......... .......... .......... .......... .......... 57%  327M 1s
  4850K .......... .......... .......... .......... .......... 58%  318M 1s
  4900K .......... .......... .......... .......... .......... 58%  298M 1s
  4950K .......... .......... .......... .......... .......... 59%  323M 1s
  5000K .......... .......... .......... .......... .......... 59%  322M 1s
  5050K .......... .......... .......... .......... .......... 60%  270M 1s
  5100K .......... .......... .......... .......... .......... 61%  296M 1s
  5150K .......... .......... .......... .......... .......... 61%  586K 1s
  5200K .......... .......... .......... .......... .......... 62%  116M 1s
  5250K .......... .......... .......... .......... .......... 62% 95.0M 1s
  5300K .......... .......... .......... .......... .......... 63%  325M 1s
  5350K .......... .......... .......... .......... .......... 64%  250M 0s
  5400K .......... .......... .......... .......... .......... 64% 62.0M 0s
  5450K .......... .......... .......... .......... .......... 65% 74.4M 0s
  5500K .......... .......... .......... .......... .......... 65%  196M 0s
  5550K .......... .......... .......... .......... .......... 66%  167M 0s
  5600K .......... .......... .......... .......... .......... 67%  284M 0s
  5650K .......... .......... .......... .......... .......... 67% 82.1M 0s
  5700K .......... .......... .......... .......... .......... 68%  102M 0s
  5750K .......... .......... .......... .......... .......... 68%  301M 0s
  5800K .......... .......... .......... .......... .......... 69%  267M 0s
  5850K .......... .......... .......... .......... .......... 69%  183M 0s
  5900K .......... .......... .......... .......... .......... 70%  251M 0s
  5950K .......... .......... .......... .......... .......... 71%  332M 0s
  6000K .......... .......... .......... .......... .......... 71%  177M 0s
  6050K .......... .......... .......... .......... .......... 72%  109M 0s
  6100K .......... .......... .......... .......... .......... 72% 2.54M 0s
  6150K .......... .......... .......... .......... .......... 73% 21.2M 0s
  6200K .......... .......... .......... .......... .......... 74%  729K 0s
  6250K .......... .......... .......... .......... .......... 74% 95.9M 0s
  6300K .......... .......... .......... .......... .......... 75% 99.6M 0s
  6350K .......... .......... .......... .......... .......... 75% 77.9M 0s
  6400K .......... .......... .......... .......... .......... 76%  106M 0s
  6450K .......... .......... .......... .......... .......... 77% 76.6M 0s
  6500K .......... .......... .......... .......... .......... 77%  102M 0s
  6550K .......... .......... .......... .......... .......... 78%  153M 0s
  6600K .......... .......... .......... .......... .......... 78% 85.0M 0s
  6650K .......... .......... .......... .......... .......... 79%  112M 0s
  6700K .......... .......... .......... .......... .......... 80%  113M 0s
  6750K .......... .......... .......... .......... .......... 80% 99.6M 0s
  6800K .......... .......... .......... .......... .......... 81%  518K 0s
  6850K .......... .......... .......... .......... .......... 81%  127M 0s
  6900K .......... .......... .......... .......... .......... 82% 72.9M 0s
  6950K .......... .......... .......... .......... .......... 83%  118M 0s
  7000K .......... .......... .......... .......... .......... 83% 27.8M 0s
  7050K .......... .......... .......... .......... .......... 84%  133M 0s
  7100K .......... .......... .......... .......... .......... 84%  108M 0s
  7150K .......... .......... .......... .......... .......... 85% 88.7M 0s
  7200K .......... .......... .......... .......... .......... 86%  124M 0s
  7250K .......... .......... .......... .......... .......... 86%  156M 0s
  7300K .......... .......... .......... .......... .......... 87% 97.9M 0s
  7350K .......... .......... .......... .......... .......... 87%  104M 0s
  7400K .......... .......... .......... .......... .......... 88% 3.54M 0s
  7450K .......... .......... .......... .......... .......... 88% 23.8M 0s
  7500K .......... .......... .......... .......... .......... 89%  730K 0s
  7550K .......... .......... .......... .......... .......... 90%  136M 0s
  7600K .......... .......... .......... .......... .......... 90% 75.4M 0s
  7650K .......... .......... .......... .......... .......... 91% 11.3M 0s
  7700K .......... .......... .......... .......... .......... 91% 84.7M 0s
  7750K .......... .......... .......... .......... .......... 92% 74.8M 0s
  7800K .......... .......... .......... .......... .......... 93%  156M 0s
  7850K .......... .......... .......... .......... .......... 93%  184M 0s
  7900K .......... .......... .......... .......... .......... 94%  321M 0s
  7950K .......... .......... .......... .......... .......... 94%  294M 0s
  8000K .......... .......... .......... .......... .......... 95%  305M 0s
  8050K .......... .......... .......... .......... .......... 96%  322M 0s
  8100K .......... .......... .......... .......... .......... 96%  274M 0s
  8150K .......... .......... .......... .......... .......... 97%  326M 0s
  8200K .......... .......... .......... .......... .......... 97%  332M 0s
  8250K .......... .......... .......... .......... .......... 98%  261M 0s
  8300K .......... .......... .......... .......... .......... 99%  288M 0s
  8350K .......... .......... .......... .......... .......... 99%  323M 0s
  8400K .......... .......... ..........                      100%  300M=1.2s

2026-03-17 10:39:18 (7.00 MB/s) - ‘ecoli_and_lambda.tar’ saved [8632320/8632320]

java -ea  --add-modules jdk.incubator.vector -Xmx8191m -Xms8191m -cp /sciclone/home/varozo/.conda/envs/bbmap-env/opt/bbmap-39.80-0/bbtools.jar align2.BBMap build=1 overwrite=true fastareadlen=500 ref=ecoli_bl21de3.fasta in=lambda_reads.fastq out=mapping.sam nodisk=t ambiguous=best minid=0.9 threads=2
WARNING: Using incubator modules: jdk.incubator.vector
Executing align2.BBMap [build=1, overwrite=true, fastareadlen=500, ref=ecoli_bl21de3.fasta, in=lambda_reads.fastq, out=mapping.sam, nodisk=t, ambiguous=best, minid=0.9, threads=2]
Version 39.80

Retaining first best site only for ambiguous mappings.
Set MINIMUM_ALIGNMENT_SCORE_RATIO to 0.816
Executing dna.FastaToChromArrays2 [ecoli_bl21de3.fasta, 1, writeinthread=false, genscaffoldinfo=true, retain, waitforwriting=false, gz=true, maxlen=536670912, writechroms=false, minscaf=1, midpad=300, startpad=8000, stoppad=8000, nodisk=true]

Set genScaffoldInfo=true
Set genome to 1

Loaded Reference:	0.002 seconds.
Loading index for chunk 1-1, build 1
Indexing threads started for block 0-1
Indexing threads finished for block 0-1
Generated Index:	0.792 seconds.
Analyzed Index:   	2.590 seconds.
Started output stream:	0.107 seconds.
Cleared Memory:    	0.130 seconds.
Processing reads in single-ended mode.
Started read stream.
Started 2 mapping threads.
Detecting finished threads: 0, 1

   ------------------   Results   ------------------   

Genome:                	1
Key Length:            	13
Max Indel:             	16000
Minimum Score Ratio:  	0.8162
Mapping Mode:         	normal
Reads Used:           	10000	(1502980 bases)

Mapping:          	3.096 seconds.
Reads/sec:       	3230.47
kBases/sec:      	485.53


Read 1 data:      	pct reads	num reads 	pct bases	   num bases

mapped:          	 73.9100% 	     7391 	 73.8730% 	     1110296
unambiguous:     	 73.3400% 	     7334 	 73.3881% 	     1103008
ambiguous:       	  0.5700% 	       57 	  0.4849% 	        7288
low-Q discards:  	  0.0000% 	        0 	  0.0000% 	           0

perfect best site:	 47.8200% 	     4782 	 46.8839% 	      704656
semiperfect site:	 47.8200% 	     4782 	 46.8839% 	      704656

Match Rate:      	      NA 	       NA 	 89.9328% 	     1106747
Error Rate:      	 34.4923% 	     2609 	 10.0672% 	      123891
Sub Rate:        	 33.7520% 	     2553 	  0.2853% 	        3511
Del Rate:        	  0.8461% 	       64 	  9.7788% 	      120342
Ins Rate:        	  0.4627% 	       35 	  0.0031% 	          38
N Rate:          	  0.0000% 	        0 	  0.0000% 	           0

Total time:     	7.473 seconds.
