Channels:
 - bioconda
 - conda-forge
Platform: linux-64
Collecting package metadata (repodata.json): ...working... done
Solving environment: ...working... done

## Package Plan ##

  environment location: /sciclone/home/varozo/.conda/envs/dog_pipeline

  added / updated specs:
    - ncbi-datasets-cli


The following NEW packages will be INSTALLED:

  ca-certificates    conda-forge/noarch::ca-certificates-2026.2.25-hbd8a1cb_0 
  ncbi-datasets-cli  conda-forge/linux-64::ncbi-datasets-cli-18.21.0-ha770c72_0 



Downloading and Extracting Packages: ...working... done
Preparing transaction: ...working... done
Verifying transaction: ...working... done
Executing transaction: ...working... done
#
# To activate this environment, use
#
#     $ conda activate dog_pipeline
#
# To deactivate an active environment, use
#
#     $ conda deactivate

Downloading SRR37665098...
Archive:  /sciclone/home/varozo/SUPERCOMPUTING/assignments/assignment_07/data/dog_reference/dog.zip
  inflating: /sciclone/home/varozo/SUPERCOMPUTING/assignments/assignment_07/data/dog_reference/README.md  
  inflating: /sciclone/home/varozo/SUPERCOMPUTING/assignments/assignment_07/data/dog_reference/ncbi_dataset/data/assembly_data_report.jsonl  
  inflating: /sciclone/home/varozo/SUPERCOMPUTING/assignments/assignment_07/data/dog_reference/ncbi_dataset/data/GCF_011100685.1/GCF_011100685.1_UU_Cfam_GSD_1.0_genomic.fna  
  inflating: /sciclone/home/varozo/SUPERCOMPUTING/assignments/assignment_07/data/dog_reference/ncbi_dataset/data/dataset_catalog.json  
  inflating: /sciclone/home/varozo/SUPERCOMPUTING/assignments/assignment_07/data/dog_reference/md5sum.txt  
Channels:
 - bioconda
 - conda-forge
Platform: linux-64
Collecting package metadata (repodata.json): ...working... done
Solving environment: ...working... done

## Package Plan ##

  environment location: /sciclone/home/varozo/.conda/envs/dog_pipeline_fastp

  added / updated specs:
    - fastp


The following NEW packages will be INSTALLED:

  _openmp_mutex      conda-forge/linux-64::_openmp_mutex-4.5-20_gnu 
  fastp              bioconda/linux-64::fastp-1.3.0-h43da1c4_0 
  isa-l              conda-forge/linux-64::isa-l-2.31.1-hb9d3cd8_1 
  libdeflate         conda-forge/linux-64::libdeflate-1.25-h17f619e_0 
  libgcc             conda-forge/linux-64::libgcc-15.2.0-he0feb66_18 
  libgomp            conda-forge/linux-64::libgomp-15.2.0-he0feb66_18 
  libhwy             conda-forge/linux-64::libhwy-1.3.0-h4c17acf_1 
  libstdcxx          conda-forge/linux-64::libstdcxx-15.2.0-h934c35e_18 



Downloading and Extracting Packages: ...working... done
Preparing transaction: ...working... done
Verifying transaction: ...working... done
Executing transaction: ...working... done
#
# To activate this environment, use
#
#     $ conda activate dog_pipeline_fastp
#
# To deactivate an active environment, use
#
#     $ conda deactivate

Processing sample SRR37665098 ...
