[2026-03-19 01:46:55] INFO: Starting Flye 2.9.6-b1802
[2026-03-19 01:46:55] INFO: >>>STAGE: configure
[2026-03-19 01:46:55] INFO: Configuring run
[2026-03-19 01:46:56] INFO: Total read length: 52927180
[2026-03-19 01:46:56] INFO: Input genome size: 50000
[2026-03-19 01:46:56] INFO: Estimated coverage: 1058
[2026-03-19 01:46:56] WARNING: Expected read coverage is 1058, the assembly is not guaranteed to be optimal in this setting. Are you sure that the genome size was entered correctly?
[2026-03-19 01:46:56] INFO: Reads N50/N90: 505 / 254
[2026-03-19 01:46:56] INFO: Minimum overlap set to 1000
[2026-03-19 01:46:56] INFO: >>>STAGE: assembly
[2026-03-19 01:46:56] INFO: Assembling disjointigs
[2026-03-19 01:46:56] INFO: Reading sequences
[2026-03-19 01:46:58] INFO: Counting k-mers:
0% 10% 20% 30% 40% 50% 60% 70% 80% 90% 100% 
[2026-03-19 01:48:09] INFO: Filling index table (1/2)
0% 10% 20% 30% 40% 50% 60% 70% 80% 90% 100% 
[2026-03-19 01:48:09] INFO: Filling index table (2/2)
0% 10% 20% 30% 40% 50% 60% 70% 80% 90% 100% 
[2026-03-19 01:48:14] INFO: Extending reads
[2026-03-19 01:48:41] INFO: Overlap-based coverage: 36
[2026-03-19 01:48:41] INFO: Median overlap divergence: 0.0749665
0% 50% 100% 
[2026-03-19 01:48:50] INFO: Assembled 2 disjointigs
[2026-03-19 01:48:50] INFO: Generating sequence
0% 10% 20% 30% 40% 50% 60% 70% 80% 90% 100% 
[2026-03-19 01:48:50] INFO: Filtering contained disjointigs
0% 50% 100% 
[2026-03-19 01:48:50] INFO: Contained seqs: 0
[2026-03-19 01:48:50] INFO: >>>STAGE: consensus
[2026-03-19 01:48:50] INFO: Running Minimap2
[2026-03-19 01:49:04] INFO: Computing consensus
[2026-03-19 01:49:30] INFO: Alignment error rate: 0.090285
[2026-03-19 01:49:30] INFO: >>>STAGE: repeat
[2026-03-19 01:49:30] INFO: Building and resolving repeat graph
[2026-03-19 01:49:30] INFO: Parsing disjointigs
[2026-03-19 01:49:30] INFO: Building repeat graph
0% 50% 100% 
[2026-03-19 01:49:30] INFO: Median overlap divergence: 0.0828367
[2026-03-19 01:49:30] INFO: Parsing reads
[2026-03-19 01:49:31] INFO: Aligning reads to the graph
0% 10% 20% 30% 40% 50% 60% 70% 80% 90% 100% 
[2026-03-19 01:49:31] INFO: Aligned read sequence: 5402816 / 8057872 (0.670502)
[2026-03-19 01:49:31] INFO: Median overlap divergence: 0.0244229
[2026-03-19 01:49:31] INFO: Mean edge coverage: 56
[2026-03-19 01:49:31] INFO: Simplifying the graph
[2026-03-19 01:49:32] INFO: >>>STAGE: contigger
[2026-03-19 01:49:32] INFO: Generating contigs
[2026-03-19 01:49:32] INFO: Reading sequences
[2026-03-19 01:49:32] INFO: Generated 3 contigs
[2026-03-19 01:49:32] INFO: Added 0 scaffold connections
[2026-03-19 01:49:32] INFO: >>>STAGE: polishing
[2026-03-19 01:49:32] INFO: Polishing genome (1/1)
[2026-03-19 01:49:32] INFO: Running minimap2
[2026-03-19 01:49:48] INFO: Separating alignment into bubbles
[2026-03-19 01:50:15] INFO: Alignment error rate: 0.054627
[2026-03-19 01:50:15] INFO: Correcting bubbles
0% 10% 20% 30% 40% 50% 60% 70% 80% 90% 100% 
[2026-03-19 01:50:16] INFO: >>>STAGE: finalize
[2026-03-19 01:50:16] INFO: Assembly statistics:

	Total length:	65204
	Fragments:	2
	Fragments N50:	62775
	Largest frg:	62775
	Scaffolds:	0
	Mean coverage:	808

[2026-03-19 01:50:16] INFO: Final assembly: /sciclone/home/varozo/SUPERCOMPUTING/assignments/assignment_06/assemblies/assembly_local/assembly.fasta
:46:56] DEBUG: 	loop_coverage_rate=1.5
[2026-03-19 01:46:56] DEBUG: 	repeat_edge_cov_mult=1.75
[2026-03-19 01:46:56] DEBUG: 	weak_detach_rate=5
[2026-03-19 01:46:56] DEBUG: 	tip_coverage_rate=2
[2026-03-19 01:46:56] DEBUG: 	tip_length_rate=2
[2026-03-19 01:46:56] DEBUG: 	output_gfa_before_rr=1
[2026-03-19 01:46:56] DEBUG: 	remove_alt_edges=0
[2026-03-19 01:46:56] DEBUG: 	low_cutoff_warning=1
[2026-03-19 01:46:56] DEBUG: 	kmer_size=17
[2026-03-19 01:46:56] DEBUG: 	use_minimizers=0
[2026-03-19 01:46:56] DEBUG: 	reads_base_alignment=0
[2026-03-19 01:46:56] DEBUG: 	meta_read_top_kmer_rate=0.40
[2026-03-19 01:46:56] DEBUG: 	maximum_jump=1500
[2026-03-19 01:46:56] DEBUG: 	maximum_overhang=1500
[2026-03-19 01:46:56] DEBUG: 	repeat_kmer_rate=100
[2026-03-19 01:46:56] DEBUG: 	assemble_ovlp_divergence=0.10
[2026-03-19 01:46:56] DEBUG: 	assemble_divergence_relative=1
[2026-03-19 01:46:56] DEBUG: 	repeat_graph_ovlp_divergence=0.08
[2026-03-19 01:46:56] DEBUG: 	read_align_ovlp_divergence=0.25
[2026-03-19 01:46:56] DEBUG: 	hpc_scoring_on=0
[2026-03-19 01:46:56] DEBUG: 	add_unassembled_reads=0
[2026-03-19 01:46:56] DEBUG: 	extend_contigs_with_repeats=0
[2026-03-19 01:46:56] DEBUG: 	min_read_cov_cutoff=3
[2026-03-19 01:46:56] DEBUG: 	short_tip_length=20000
[2026-03-19 01:46:56] DEBUG: 	long_tip_length=100000
[2026-03-19 01:46:56] DEBUG: Running with k-mer size: 17
[2026-03-19 01:46:56] DEBUG: Running with minimum overlap 1000
[2026-03-19 01:46:56] DEBUG: Metagenome mode: N
[2026-03-19 01:46:56] DEBUG: Short mode: N
[2026-03-19 01:46:56] INFO: Reading sequences
[2026-03-19 01:46:56] DEBUG: Building positional index
[2026-03-19 01:46:56] DEBUG: Total sequence: 8057872 bp
[2026-03-19 01:46:58] INFO: Counting k-mers:
[2026-03-19 01:46:58] DEBUG: Updating k-mer histogram
[2026-03-19 01:48:09] DEBUG: Hash size: 48586
[2026-03-19 01:48:09] DEBUG: Total k-mers 2299706
[2026-03-19 01:48:09] INFO: Filling index table (1/2)
[2026-03-19 01:48:09] DEBUG: Mean k-mer frequency: 42.3837
[2026-03-19 01:48:09] DEBUG: Repetitive k-mer frequency: 4238
[2026-03-19 01:48:09] DEBUG: Filtered 0 repetitive k-mers (0)
[2026-03-19 01:48:09] INFO: Filling index table (2/2)
[2026-03-19 01:48:10] DEBUG: Sorting k-mer index
[2026-03-19 01:48:10] DEBUG: Selected k-mers: 93187
[2026-03-19 01:48:10] DEBUG: Index size: 3274310
[2026-03-19 01:48:10] DEBUG: Mean k-mer index frequency: 35.137
[2026-03-19 01:48:10] DEBUG: Peak RAM usage: 8 Gb
[2026-03-19 01:48:10] DEBUG: Estimating k-mer identity bias
[2026-03-19 01:48:14] DEBUG: Initial divergence estimate : 0.0739291
[2026-03-19 01:48:14] DEBUG: Relative threshold: Y
[2026-03-19 01:48:14] DEBUG: Max divergence threshold set to 0.173929
[2026-03-19 01:48:14] INFO: Extending reads
[2026-03-19 01:48:14] DEBUG: Estimating overlap coverage
[2026-03-19 01:48:41] INFO: Overlap-based coverage: 36
[2026-03-19 01:48:41] INFO: Median overlap divergence: 0.0749665
[2026-03-19 01:48:41] DEBUG: Sequence divergence distribution: 

    |              *                   |                                                                 
    |              **                  |                                                                 
    |             ***                  |                                                                 
    |             ***                  |                                                                 
    |             ***                  |                                                                 
    |             ***                  |                                                                 
    |             ***                  |                                                                 
    |             ****                 |                                                                 
    |             ****                 |                                                                 
    |            *****                 |                                                                 
    |            ******                |                                                                 
    |            ******                |                                                                 
    |           ********               |                                                                 
    |           ********               |                                                                 
    |           *********              |                                                                 
    |          **********              |                                                                 
    |          **********              |                                                                 
    |          **********              |                                                                 
    |        ***************           |                                                                 
    |       ******************** ** ** |* ** *           *                                               
    ----------------------------------------------------------------------------------------------------
    0%        5%        10%       15%       20%       25%       30%       35%       40%       45%       

    Q25 = 0.067, Q50 = 0.075, Q75 = 0.085

[2026-03-19 01:48:41] DEBUG: Assembled disjointig 1
	With 11 reads
	Start read: +SRR33939694.48940/1
	At position: 4
	leftTip: 1 rightTip: 1
	Suspicious: 5
	Short ext: 0
	Mean extensions: 3
	Avg overlap len: 3639
	Min overlap len: 1334
	Inner reads: 0
	Length: 47323
[2026-03-19 01:48:41] DEBUG: Inner: 484 covered: 610 total: 10950
[2026-03-19 01:48:41] DEBUG: Discarded disjointig with 5 reads and 3 inner overlaps
[2026-03-19 01:48:42] DEBUG: Assembled disjointig 2
	With 10 reads
	Start read: +SRR33939694.67237/1
	At position: 1
	leftTip: 1 rightTip: 1
	Suspicious: 1
	Short ext: 0
	Mean extensions: 9
	Avg overlap len: 13322
	Min overlap len: 1999
	Inner reads: 0
	Length: 44145
[2026-03-19 01:48:42] DEBUG: Inner: 6474 covered: 6562 total: 10950
[2026-03-19 01:48:42] DEBUG: Discarded disjointig with 6 reads and 4 inner overlaps
[2026-03-19 01:48:42] DEBUG: Discarded disjointig with 5 reads and 3 inner overlaps
[2026-03-19 01:48:42] DEBUG: Discarded disjointig with 8 reads and 6 inner overlaps
[2026-03-19 01:48:42] DEBUG: Discarded disjointig with 7 reads and 5 inner overlaps
[2026-03-19 01:48:50] INFO: Assembled 2 disjointigs
[2026-03-19 01:48:50] INFO: Generating sequence
[2026-03-19 01:48:50] DEBUG: Building positional index
[2026-03-19 01:48:50] DEBUG: Total sequence: 91396 bp
[2026-03-19 01:48:50] DEBUG: Mean k-mer frequency: 1.00546
[2026-03-19 01:48:50] DEBUG: Repetitive k-mer frequency: 100
[2026-03-19 01:48:50] DEBUG: Filtered 0 repetitive k-mers (0)
[2026-03-19 01:48:50] DEBUG: Sorting k-mer index
[2026-03-19 01:48:50] DEBUG: Selected k-mers: 90865
[2026-03-19 01:48:50] DEBUG: K-mer index size: 91362
[2026-03-19 01:48:50] DEBUG: Mean k-mer frequency: 1.00547
[2026-03-19 01:48:50] DEBUG: Minimizer rate: 1.00037
[2026-03-19 01:48:50] INFO: Filtering contained disjointigs
[2026-03-19 01:48:50] DEBUG: Computing transitive closure for overlaps
[2026-03-19 01:48:50] DEBUG: Found 0 overlaps
[2026-03-19 01:48:50] DEBUG: Left 0 overlaps after filtering
[2026-03-19 01:48:50] INFO: Contained seqs: 0
[2026-03-19 01:48:50] DEBUG: Writing FASTA
[2026-03-19 01:48:50] DEBUG: Peak RAM usage: 8 Gb
-----------End assembly log------------
[2026-03-19 01:48:50] root: DEBUG: Disjointigs length: 91396, N50: 47246
[2026-03-19 01:48:50] root: INFO: >>>STAGE: consensus
[2026-03-19 01:48:50] root: INFO: Running Minimap2
[2026-03-19 01:49:04] root: INFO: Computing consensus
[2026-03-19 01:49:30] root: INFO: Alignment error rate: 0.090285
[2026-03-19 01:49:30] root: INFO: >>>STAGE: repeat
[2026-03-19 01:49:30] root: INFO: Building and resolving repeat graph
[2026-03-19 01:49:30] root: DEBUG: -----Begin repeat analyser log------
[2026-03-19 01:49:30] root: DEBUG: Running: flye-modules repeat --disjointigs /sciclone/home/varozo/SUPERCOMPUTING/assignments/assignment_06/assemblies/assembly_local/10-consensus/consensus.fasta --reads /sciclone/home/varozo/SUPERCOMPUTING/assignments/assignment_06/data/SRR33939694.fastq --out-dir /sciclone/home/varozo/SUPERCOMPUTING/assignments/assignment_06/assemblies/assembly_local/20-repeat --config /sciclone/home/varozo/programs/Flye/flye/config/bin_cfg/asm_raw_reads.cfg --log /sciclone/home/varozo/SUPERCOMPUTING/assignments/assignment_06/assemblies/assembly_local/flye.log --threads 6 --min-ovlp 1000
[2026-03-19 01:49:30] DEBUG: Build date: Mar 18 2026 21:47:58
[2026-03-19 01:49:30] DEBUG: Total RAM: 156 Gb
[2026-03-19 01:49:30] DEBUG: Available RAM: 150 Gb
[2026-03-19 01:49:30] DEBUG: Total CPUs: 40
[2026-03-19 01:49:30] DEBUG: Loading /sciclone/home/varozo/programs/Flye/flye/config/bin_cfg/asm_raw_reads.cfg
[2026-03-19 01:49:30] DEBUG: Loading /sciclone/home/varozo/programs/Flye/flye/config/bin_cfg/asm_defaults.cfg
[2026-03-19 01:49:30] DEBUG: 	big_genome_threshold=29000000
[2026-03-19 01:49:30] DEBUG: 	meta_read_filter_kmer_freq=100
[2026-03-19 01:49:30] DEBUG: 	chain_large_gap_penalty=2
[2026-03-19 01:49:30] DEBUG: 	chain_small_gap_penalty=0.5
[2026-03-19 01:49:30] DEBUG: 	chain_gap_jump_threshold=100
[2026-03-19 01:49:30] DEBUG: 	max_jump_gap=500
[2026-03-19 01:49:30] DEBUG: 	max_coverage_drop_rate=5
[2026-03-19 01:49:30] DEBUG: 	max_extensions_drop_rate=5
[2026-03-19 01:49:30] DEBUG: 	chimera_window=100
[2026-03-19 01:49:30] DEBUG: 	chimera_overhang=1000
[2026-03-19 01:49:30] DEBUG: 	min_reads_in_disjointig=4
[2026-03-19 01:49:30] DEBUG: 	max_inner_reads=10
[2026-03-19 01:49:30] DEBUG: 	max_inner_fraction=0.25
[2026-03-19 01:49:30] DEBUG: 	aggressive_dup_filter=1
[2026-03-19 01:49:30] DEBUG: 	max_separation=500
[2026-03-19 01:49:30] DEBUG: 	unique_edge_length=50000
[2026-03-19 01:49:30] DEBUG: 	min_repeat_res_support=0.51
[2026-03-19 01:49:30] DEBUG: 	out_paths_ratio=5
[2026-03-19 01:49:30] DEBUG: 	graph_cov_drop_rate=5
[2026-03-19 01:49:30] DEBUG: 	coverage_estimate_window=100
[2026-03-19 01:49:30] DEBUG: 	max_bubble_length=50000
[2026-03-19 01:49:30] DEBUG: 	loop_coverage_rate=1.5
[2026-03-19 01:49:30] DEBUG: 	repeat_edge_cov_mult=1.75
[2026-03-19 01:49:30] DEBUG: 	weak_detach_rate=5
[2026-03-19 01:49:30] DEBUG: 	tip_coverage_rate=2
[2026-03-19 01:49:30] DEBUG: 	tip_length_rate=2
[2026-03-19 01:49:30] DEBUG: 	output_gfa_before_rr=1
[2026-03-19 01:49:30] DEBUG: 	remove_alt_edges=0
[2026-03-19 01:49:30] DEBUG: 	low_cutoff_warning=1
[2026-03-19 01:49:30] DEBUG: 	kmer_size=17
[2026-03-19 01:49:30] DEBUG: 	use_minimizers=0
[2026-03-19 01:49:30] DEBUG: 	reads_base_alignment=0
[2026-03-19 01:49:30] DEBUG: 	meta_read_top_kmer_rate=0.40
[2026-03-19 01:49:30] DEBUG: 	maximum_jump=1500
[2026-03-19 01:49:30] DEBUG: 	maximum_overhang=1500
[2026-03-19 01:49:30] DEBUG: 	repeat_kmer_rate=100
[2026-03-19 01:49:30] DEBUG: 	assemble_ovlp_divergence=0.10
[2026-03-19 01:49:30] DEBUG: 	assemble_divergence_relative=1
[2026-03-19 01:49:30] DEBUG: 	repeat_graph_ovlp_divergence=0.08
[2026-03-19 01:49:30] DEBUG: 	read_align_ovlp_divergence=0.25
[2026-03-19 01:49:30] DEBUG: 	hpc_scoring_on=0
[2026-03-19 01:49:30] DEBUG: 	add_unassembled_reads=0
[2026-03-19 01:49:30] DEBUG: 	extend_contigs_with_repeats=0
[2026-03-19 01:49:30] DEBUG: 	min_read_cov_cutoff=3
[2026-03-19 01:49:30] DEBUG: 	short_tip_length=20000
[2026-03-19 01:49:30] DEBUG: 	long_tip_length=100000
[2026-03-19 01:49:30] DEBUG: Running with k-mer size: 17
[2026-03-19 01:49:30] DEBUG: Selected minimum overlap 1000
[2026-03-19 01:49:30] DEBUG: Metagenome mode: N
[2026-03-19 01:49:30] INFO: Parsing disjointigs
[2026-03-19 01:49:30] DEBUG: Building positional index
[2026-03-19 01:49:30] DEBUG: Total sequence: 91703 bp
[2026-03-19 01:49:30] INFO: Building repeat graph
[2026-03-19 01:49:30] DEBUG: Mean k-mer frequency: 1.01137
[2026-03-19 01:49:30] DEBUG: Repetitive k-mer frequency: 101
[2026-03-19 01:49:30] DEBUG: Filtered 0 repetitive k-mers (0)
[2026-03-19 01:49:30] DEBUG: Sorting k-mer index
[2026-03-19 01:49:30] DEBUG: Selected k-mers: 90637
[2026-03-19 01:49:30] DEBUG: K-mer index size: 91669
[2026-03-19 01:49:30] DEBUG: Mean k-mer frequency: 1.01139
[2026-03-19 01:49:30] DEBUG: Minimizer rate: 1.00037
[2026-03-19 01:49:30] DEBUG: Computing transitive closure for overlaps
[2026-03-19 01:49:30] DEBUG: Found 10 overlaps
[2026-03-19 01:49:30] DEBUG: Left 4 overlaps after filtering
[2026-03-19 01:49:30] INFO: Median overlap divergence: 0.0828367
[2026-03-19 01:49:30] DEBUG: Sequence divergence distribution: 

    |                *                                                                                   
    |                *                                                                                   
    |                *                                                                                   
    |                *                                                                                   
    |                *                                                                                   
    |                *                                                                                   
    |                *                                                                                   
    |                *                                                                                   
    |                *                                                                                   
    |                *                                                                                   
    |                *                                                                                   
    |                *                                                                                   
    |                *                                                                                   
    |                *                                                                                   
    |                *                                                                                   
    |                *                                                                                   
    |                *                                                                                   
    |                *                                                                                   
    |                *                                                                                   
    |                *                                                                                   
    ----------------------------------------------------------------------------------------------------
    0%        5%        10%       15%       20%       25%       30%       35%       40%       45%       

    Q25 = 0.083, Q50 = 0.083, Q75 = 0.083

[2026-03-19 01:49:30] DEBUG: Computing gluepoints
[2026-03-19 01:49:30] DEBUG: Added 0 gluepoint projections
[2026-03-19 01:49:30] DEBUG: Created 16 gluepoints
[2026-03-19 01:49:30] DEBUG: Artificial loops removed: 0 left, 0 right, 0 both
[2026-03-19 01:49:30] DEBUG: Initializing edges
[2026-03-19 01:49:30] DEBUG: Edges length checksum: 2744428621
[2026-03-19 01:49:30] DEBUG: Filtered 0 singleton segments
[2026-03-19 01:49:30] DEBUG: Removed 0 simple and 0 double chimeric junctions
[2026-03-19 01:49:30] DEBUG: Collapsed 0 edges
[2026-03-19 01:49:30] DEBUG: *	1	+disjointig_1	0	20898	20898	
[2026-03-19 01:49:30] DEBUG:  	2	+disjointig_1	20898	22060	1162	
[2026-03-19 01:49:30] DEBUG: *	4	+disjointig_1	22060	47418	25358	
[2026-03-19 01:49:30] DEBUG: *	-3	+disjointig_2	0	2428	2428	
[2026-03-19 01:49:30] DEBUG:  	2	+disjointig_2	2428	3588	1160	
[2026-03-19 01:49:30] DEBUG: *	5	+disjointig_2	3588	44283	40695	
[2026-03-19 01:49:30] DEBUG: Total edges: 5
[2026-03-19 01:49:30] INFO: Parsing reads
[2026-03-19 01:49:31] DEBUG: Building positional index
[2026-03-19 01:49:31] DEBUG: Total sequence: 52927180 bp
[2026-03-19 01:49:31] DEBUG: Building positional index
[2026-03-19 01:49:31] DEBUG: Total sequence: 91701 bp
[2026-03-19 01:49:31] INFO: Aligning reads to the graph
[2026-03-19 01:49:31] DEBUG: Mean k-mer frequency: 1.01138
[2026-03-19 01:49:31] DEBUG: Repetitive k-mer frequency: 101
[2026-03-19 01:49:31] DEBUG: Filtered 0 repetitive k-mers (0)
[2026-03-19 01:49:31] DEBUG: Sorting k-mer index
[2026-03-19 01:49:31] DEBUG: Selected k-mers: 90567
[2026-03-19 01:49:31] DEBUG: K-mer index size: 91599
[2026-03-19 01:49:31] DEBUG: Mean k-mer frequency: 1.01139
[2026-03-19 01:49:31] DEBUG: Minimizer rate: 1.00111
[2026-03-19 01:49:31] DEBUG: Total reads : 5475
[2026-03-19 01:49:31] DEBUG: Read with aligned parts : 3489
[2026-03-19 01:49:31] DEBUG: Aligned in one piece : 3489
[2026-03-19 01:49:31] INFO: Aligned read sequence: 5402816 / 8057872 (0.670502)
[2026-03-19 01:49:31] INFO: Median overlap divergence: 0.0244229
[2026-03-19 01:49:31] DEBUG: Sequence divergence distribution: 

    |   **                                             |                                                 
    |   **                                             |                                                 
    |   **                                             |                                                 
    |   **                                             |                                                 
    |   ***                                            |                                                 
    |   ***                                            |                                                 
    |   ***                                            |                                                 
    |   ***                                            |                                                 
    |   ***                                            |                                                 
    |   ****                                           |                                                 
    |  *****                                           |                                                 
    |  *****                                           |                                                 
    |  ******                                          |                                                 
    |  ******                                          |                                                 
    |  *******                                         |                                                 
    |  *******                                         |                                                 
    |  ********                                        |                                                 
    | **********                                       |                                                 
    | ***********                                      |                                                 
    | **************  *                                |                                                 
    ----------------------------------------------------------------------------------------------------
    0%        5%        10%       15%       20%       25%       30%       35%       40%       45%       

    Q25 = 0.018, Q50 = 0.024, Q75 = 0.033

[2026-03-19 01:49:31] INFO: Mean edge coverage: 56
[2026-03-19 01:49:31] DEBUG: 1	len:20898	cov:9	mult:0.160714
[2026-03-19 01:49:31] DEBUG: -1	len:20898	cov:9	mult:0.160714
[2026-03-19 01:49:31] DEBUG: 2	len:1161	cov:79	mult:1.41071
[2026-03-19 01:49:31] DEBUG: -2	len:1161	cov:79	mult:1.41071
[2026-03-19 01:49:31] DEBUG: 3	len:2428	cov:63	mult:1.125
[2026-03-19 01:49:31] DEBUG: -3	len:2428	cov:63	mult:1.125
[2026-03-19 01:49:31] DEBUG: 4	len:25358	cov:11	mult:0.196429
[2026-03-19 01:49:31] DEBUG: -4	len:25358	cov:11	mult:0.196429
[2026-03-19 01:49:31] DEBUG: 5	len:40695	cov:109	mult:1.94643
[2026-03-19 01:49:31] DEBUG: -5	len:40695	cov:109	mult:1.94643
[2026-03-19 01:49:31] DEBUG: Unique coverage threshold 138
[2026-03-19 01:49:31] INFO: Simplifying the graph
[2026-03-19 01:49:31] DEBUG: Read coverage cutoff: 11
[2026-03-19 01:49:31] DEBUG: [SIMPL] Removed 0 paths with low coverage
[2026-03-19 01:49:31] DEBUG: [SIMPL] Masked 0 heterozygous loops
[2026-03-19 01:49:31] DEBUG: [SIMPL] Masked 0 simple bubbles
[2026-03-19 01:49:31] DEBUG: Finding repeats
[2026-03-19 01:49:31] DEBUG: Read coverage cutoff: 11
[2026-03-19 01:49:31] DEBUG: Low-coverage: 1 9
[2026-03-19 01:49:31] DEBUG: Repeat detection iteration 1
[2026-03-19 01:49:31] DEBUG: Writing Dot
[2026-03-19 01:49:31] DEBUG: Writing FASTA
[2026-03-19 01:49:31] DEBUG: Writing Gfa
[2026-03-19 01:49:31] DEBUG: [SIMPL] == Iteration 1 ==
[2026-03-19 01:49:31] DEBUG: Splitting nodes
[2026-03-19 01:49:31] DEBUG: [SIMPL] Split 0 nodes
[2026-03-19 01:49:31] DEBUG: Tip 3 len:2428 cov:63
[2026-03-19 01:49:31] DEBUG: [SIMPL] Clipped 1 short and 0 long tips
[2026-03-19 01:49:31] DEBUG: [SIMPL] Masked 0 heterozygous loops
[2026-03-19 01:49:31] DEBUG: [SIMPL] Masked 0 simple bubbles
[2026-03-19 01:49:31] DEBUG: Finding repeats
[2026-03-19 01:49:31] DEBUG: Read coverage cutoff: 11
[2026-03-19 01:49:31] DEBUG: Repeat detection iteration 1
[2026-03-19 01:49:31] DEBUG: Total unique edges: 5
[2026-03-19 01:49:31] DEBUG: 	Connection -5	-2	43	0.934783
[2026-03-19 01:49:31] DEBUG: [SIMPL] Resolved repeats: 1
[2026-03-19 01:49:31] DEBUG: RR links: 98
[2026-03-19 01:49:31] DEBUG: Unresolved: 0
[2026-03-19 01:49:31] DEBUG: Removed 0 simple and 0 double chimeric junctions
[2026-03-19 01:49:31] DEBUG: [SIMPL] == Iteration 2 ==
[2026-03-19 01:49:31] DEBUG: Splitting nodes
[2026-03-19 01:49:31] DEBUG: [SIMPL] Split 0 nodes
[2026-03-19 01:49:31] DEBUG: [SIMPL] Clipped 0 short and 0 long tips
[2026-03-19 01:49:31] DEBUG: [SIMPL] Masked 0 heterozygous loops
[2026-03-19 01:49:31] DEBUG: [SIMPL] Masked 0 simple bubbles
[2026-03-19 01:49:31] DEBUG: Finding repeats
[2026-03-19 01:49:31] DEBUG: Read coverage cutoff: 11
[2026-03-19 01:49:31] DEBUG: Repeat detection iteration 1
[2026-03-19 01:49:31] DEBUG: Total unique edges: 5
[2026-03-19 01:49:31] DEBUG: [SIMPL] Resolved repeats: 0
[2026-03-19 01:49:31] DEBUG: RR links: 0
[2026-03-19 01:49:31] DEBUG: Unresolved: 0
[2026-03-19 01:49:31] DEBUG: Removed 0 simple and 0 double chimeric junctions
[2026-03-19 01:49:31] DEBUG: [SIMPL] Collapsed 0 haplotypes
[2026-03-19 01:49:31] DEBUG: [SIMPL] Resolved 0 simple repeats
[2026-03-19 01:49:31] DEBUG: Read coverage cutoff: 11
[2026-03-19 01:49:31] DEBUG: [SIMPL] Removed 0 paths with low coverage
[2026-03-19 01:49:31] DEBUG: Finding repeats
[2026-03-19 01:49:31] DEBUG: Read coverage cutoff: 11
[2026-03-19 01:49:31] DEBUG: Repeat detection iteration 1
[2026-03-19 01:49:31] DEBUG: Writing Dot
[2026-03-19 01:49:31] DEBUG: Writing FASTA
[2026-03-19 01:49:31] DEBUG: Peak RAM usage: 0 Gb
-----------End assembly log------------
[2026-03-19 01:49:32] root: INFO: >>>STAGE: contigger
[2026-03-19 01:49:32] root: INFO: Generating contigs
[2026-03-19 01:49:32] root: DEBUG: -----Begin contigger analyser log------
[2026-03-19 01:49:32] root: DEBUG: Running: flye-modules contigger --graph-edges /sciclone/home/varozo/SUPERCOMPUTING/assignments/assignment_06/assemblies/assembly_local/20-repeat/repeat_graph_edges.fasta --reads /sciclone/home/varozo/SUPERCOMPUTING/assignments/assignment_06/data/SRR33939694.fastq --out-dir /sciclone/home/varozo/SUPERCOMPUTING/assignments/assignment_06/assemblies/assembly_local/30-contigger --config /sciclone/home/varozo/programs/Flye/flye/config/bin_cfg/asm_raw_reads.cfg --repeat-graph /sciclone/home/varozo/SUPERCOMPUTING/assignments/assignment_06/assemblies/assembly_local/20-repeat/repeat_graph_dump --graph-aln /sciclone/home/varozo/SUPERCOMPUTING/assignments/assignment_06/assemblies/assembly_local/20-repeat/read_alignment_dump --log /sciclone/home/varozo/SUPERCOMPUTING/assignments/assignment_06/assemblies/assembly_local/flye.log --threads 6 --min-ovlp 1000
[2026-03-19 01:49:32] DEBUG: Build date: Mar 18 2026 21:48:11
[2026-03-19 01:49:32] DEBUG: Total RAM: 156 Gb
[2026-03-19 01:49:32] DEBUG: Available RAM: 150 Gb
[2026-03-19 01:49:32] DEBUG: Total CPUs: 40
[2026-03-19 01:49:32] DEBUG: Loading /sciclone/home/varozo/programs/Flye/flye/config/bin_cfg/asm_raw_reads.cfg
[2026-03-19 01:49:32] DEBUG: Loading /sciclone/home/varozo/programs/Flye/flye/config/bin_cfg/asm_defaults.cfg
[2026-03-19 01:49:32] DEBUG: 	big_genome_threshold=29000000
[2026-03-19 01:49:32] DEBUG: 	meta_read_filter_kmer_freq=100
[2026-03-19 01:49:32] DEBUG: 	chain_large_gap_penalty=2
[2026-03-19 01:49:32] DEBUG: 	chain_small_gap_penalty=0.5
[2026-03-19 01:49:32] DEBUG: 	chain_gap_jump_threshold=100
[2026-03-19 01:49:32] DEBUG: 	max_jump_gap=500
[2026-03-19 01:49:32] DEBUG: 	max_coverage_drop_rate=5
[2026-03-19 01:49:32] DEBUG: 	max_extensions_drop_rate=5
[2026-03-19 01:49:32] DEBUG: 	chimera_window=100
[2026-03-19 01:49:32] DEBUG: 	chimera_overhang=1000
[2026-03-19 01:49:32] DEBUG: 	min_reads_in_disjointig=4
[2026-03-19 01:49:32] DEBUG: 	max_inner_reads=10
[2026-03-19 01:49:32] DEBUG: 	max_inner_fraction=0.25
[2026-03-19 01:49:32] DEBUG: 	aggressive_dup_filter=1
[2026-03-19 01:49:32] DEBUG: 	max_separation=500
[2026-03-19 01:49:32] DEBUG: 	unique_edge_length=50000
[2026-03-19 01:49:32] DEBUG: 	min_repeat_res_support=0.51
[2026-03-19 01:49:32] DEBUG: 	out_paths_ratio=5
[2026-03-19 01:49:32] DEBUG: 	graph_cov_drop_rate=5
[2026-03-19 01:49:32] DEBUG: 	coverage_estimate_window=100
[2026-03-19 01:49:32] DEBUG: 	max_bubble_length=50000
[2026-03-19 01:49:32] DEBUG: 	loop_coverage_rate=1.5
[2026-03-19 01:49:32] DEBUG: 	repeat_edge_cov_mult=1.75
[2026-03-19 01:49:32] DEBUG: 	weak_detach_rate=5
[2026-03-19 01:49:32] DEBUG: 	tip_coverage_rate=2
[2026-03-19 01:49:32] DEBUG: 	tip_length_rate=2
[2026-03-19 01:49:32] DEBUG: 	output_gfa_before_rr=1
[2026-03-19 01:49:32] DEBUG: 	remove_alt_edges=0
[2026-03-19 01:49:32] DEBUG: 	low_cutoff_warning=1
[2026-03-19 01:49:32] DEBUG: 	kmer_size=17
[2026-03-19 01:49:32] DEBUG: 	use_minimizers=0
[2026-03-19 01:49:32] DEBUG: 	reads_base_alignment=0
[2026-03-19 01:49:32] DEBUG: 	meta_read_top_kmer_rate=0.40
[2026-03-19 01:49:32] DEBUG: 	maximum_jump=1500
[2026-03-19 01:49:32] DEBUG: 	maximum_overhang=1500
[2026-03-19 01:49:32] DEBUG: 	repeat_kmer_rate=100
[2026-03-19 01:49:32] DEBUG: 	assemble_ovlp_divergence=0.10
[2026-03-19 01:49:32] DEBUG: 	assemble_divergence_relative=1
[2026-03-19 01:49:32] DEBUG: 	repeat_graph_ovlp_divergence=0.08
[2026-03-19 01:49:32] DEBUG: 	read_align_ovlp_divergence=0.25
[2026-03-19 01:49:32] DEBUG: 	hpc_scoring_on=0
[2026-03-19 01:49:32] DEBUG: 	add_unassembled_reads=0
[2026-03-19 01:49:32] DEBUG: 	extend_contigs_with_repeats=0
[2026-03-19 01:49:32] DEBUG: 	min_read_cov_cutoff=3
[2026-03-19 01:49:32] DEBUG: 	short_tip_length=20000
[2026-03-19 01:49:32] DEBUG: 	long_tip_length=100000
[2026-03-19 01:49:32] DEBUG: Running with k-mer size: 17
[2026-03-19 01:49:32] DEBUG: Selected minimum overlap 1000
[2026-03-19 01:49:32] INFO: Reading sequences
[2026-03-19 01:49:32] DEBUG: Building positional index
[2026-03-19 01:49:32] DEBUG: Total sequence: 52927180 bp
[2026-03-19 01:49:32] DEBUG: Flipped 0
[2026-03-19 01:49:32] DEBUG: UPath 1: 1 -> 2 -> 5
[2026-03-19 01:49:32] DEBUG: UPath 2: 3
[2026-03-19 01:49:32] DEBUG: UPath 3: 4
[2026-03-19 01:49:32] DEBUG: Final graph contains 3 egdes
[2026-03-19 01:49:32] DEBUG: Extending contigs into repeats
[2026-03-19 01:49:32] DEBUG: Covered 0 repetitive contigs
[2026-03-19 01:49:32] INFO: Generated 3 contigs
[2026-03-19 01:49:32] DEBUG: Writing FASTA
[2026-03-19 01:49:32] DEBUG: Generating scaffold connections
[2026-03-19 01:49:32] INFO: Added 0 scaffold connections
[2026-03-19 01:49:32] DEBUG: Writing Dot
[2026-03-19 01:49:32] DEBUG: Writing FASTA
[2026-03-19 01:49:32] DEBUG: Writing Gfa
[2026-03-19 01:49:32] DEBUG: Peak RAM usage: 0 Gb
-----------End assembly log------------
[2026-03-19 01:49:32] root: INFO: >>>STAGE: polishing
[2026-03-19 01:49:32] root: INFO: Polishing genome (1/1)
[2026-03-19 01:49:32] root: INFO: Running minimap2
[2026-03-19 01:49:48] root: INFO: Separating alignment into bubbles
[2026-03-19 01:50:15] root: DEBUG: Generated 6216 bubbles
[2026-03-19 01:50:15] root: DEBUG: Split 0 long bubbles
[2026-03-19 01:50:15] root: DEBUG: Skipped 0 empty bubbles
[2026-03-19 01:50:15] root: DEBUG: Skipped 0 bubbles with long branches
[2026-03-19 01:50:15] root: INFO: Alignment error rate: 0.054627
[2026-03-19 01:50:15] root: INFO: Correcting bubbles
[2026-03-19 01:50:16] root: DEBUG: Mean contig coverage: 586, selected threshold: 117
[2026-03-19 01:50:16] root: DEBUG: Filtered 1 contigs of total length 25370
[2026-03-19 01:50:16] root: DEBUG: Generating polished GFA
[2026-03-19 01:50:16] root: DEBUG: 1 sequences remained unpolished
[2026-03-19 01:50:16] root: INFO: >>>STAGE: finalize
[2026-03-19 01:50:16] root: DEBUG: ---Output dir contents:----
[2026-03-19 01:50:16] root: DEBUG: assembly_local/
[2026-03-19 01:50:16] root: DEBUG:     31.0 K      flye.log
[2026-03-19 01:50:16] root: DEBUG:     92.0 B      params.json
[2026-03-19 01:50:16] root: DEBUG:     949.0 B     assembly_graph.gv
[2026-03-19 01:50:16] root: DEBUG:     88.0 K      assembly_graph.gfa
[2026-03-19 01:50:16] root: DEBUG:     64.0 K      assembly.fasta
[2026-03-19 01:50:16] root: DEBUG:     00-assembly/
[2026-03-19 01:50:16] root: DEBUG:         90.0 K      draft_assembly.fasta
[2026-03-19 01:50:16] root: DEBUG:         59.0 B      draft_assembly.fasta.fai
[2026-03-19 01:50:16] root: DEBUG:     10-consensus/
[2026-03-19 01:50:16] root: DEBUG:         1013.0 B    minimap.stderr
[2026-03-19 01:50:16] root: DEBUG:         1.0 K       minimap.bam.csi
[2026-03-19 01:50:16] root: DEBUG:         91.0 K      consensus.fasta
[2026-03-19 01:50:16] root: DEBUG:     20-repeat/
[2026-03-19 01:50:16] root: DEBUG:         1.0 K       graph_before_rr.gv
[2026-03-19 01:50:16] root: DEBUG:         89.0 K      graph_before_rr.fasta
[2026-03-19 01:50:16] root: DEBUG:         88.0 K      graph_before_rr.gfa
[2026-03-19 01:50:16] root: DEBUG:         1.0 K       graph_after_rr.gv
[2026-03-19 01:50:16] root: DEBUG:         1.0 K       repeat_graph_dump
[2026-03-19 01:50:16] root: DEBUG:         838.0 K     read_alignment_dump
[2026-03-19 01:50:16] root: DEBUG:         91.0 K      repeat_graph_edges.fasta
[2026-03-19 01:50:16] root: DEBUG:     30-contigger/
[2026-03-19 01:50:16] root: DEBUG:         89.0 K      contigs.fasta
[2026-03-19 01:50:16] root: DEBUG:         175.0 B     contigs_stats.txt
[2026-03-19 01:50:16] root: DEBUG:         0.0 B       scaffolds_links.txt
[2026-03-19 01:50:16] root: DEBUG:         949.0 B     graph_final.gv
[2026-03-19 01:50:16] root: DEBUG:         89.0 K      graph_final.fasta
[2026-03-19 01:50:16] root: DEBUG:         88.0 K      graph_final.gfa
[2026-03-19 01:50:16] root: DEBUG:         77.0 B      contigs.fasta.fai
[2026-03-19 01:50:16] root: DEBUG:     40-polishing/
[2026-03-19 01:50:16] root: DEBUG:         979.0 B     minimap.stderr
[2026-03-19 01:50:16] root: DEBUG:         1.0 K       minimap_1.bam.csi
[2026-03-19 01:50:16] root: DEBUG:         81.0 B      contigs_stats.txt
[2026-03-19 01:50:16] root: DEBUG:         28.0 K      base_coverage.bed.gz
[2026-03-19 01:50:16] root: DEBUG:         64.0 K      filtered_contigs.fasta
[2026-03-19 01:50:16] root: DEBUG:         63.0 B      filtered_stats.txt
[2026-03-19 01:50:16] root: DEBUG:         50.0 B      filtered_contigs.fasta.fai
[2026-03-19 01:50:16] root: DEBUG:         112.0 B     edges_aln.bam.csi
[2026-03-19 01:50:16] root: DEBUG:         88.0 K      polished_edges.gfa
[2026-03-19 01:50:16] root: DEBUG: --------------------------
[2026-03-19 01:50:16] root: INFO: Assembly statistics:

	Total length:	65204
	Fragments:	2
	Fragments N50:	62775
	Largest frg:	62775
	Scaffolds:	0
	Mean coverage:	808

[2026-03-19 01:50:16] root: INFO: Final assembly: /sciclone/home/varozo/SUPERCOMPUTING/assignments/assignment_06/assemblies/assembly_local/assembly.fasta
